// Jest Snapshot v1, https://goo.gl/fbAQLP

exports[`Rectangle model - Snapshot test Should renders correctly 1`] = `
<View
  animatedStyle={
    {
      "value": {
        "height": 100,
        "left": 25,
        "top": 50,
        "transform": [
          {
            "rotate": "0deg",
          },
        ],
        "width": 50,
      },
    }
  }
  collapsable={false}
  style={
    {
      "backgroundColor": "rgb(255, 64, 20)",
      "height": 100,
      "left": 25,
      "position": "absolute",
      "top": 50,
      "transform": [
        {
          "rotate": "0deg",
        },
      ],
      "width": 50,
    }
  }
  testID="rectangleModel"
/>
`;
