// Jest Snapshot v1, https://goo.gl/fbAQLP

exports[`Area Button - Snapshot mobile control test should render correctly 1`] = `
<View
  accessibilityState={
    {
      "busy": undefined,
      "checked": undefined,
      "disabled": undefined,
      "expanded": undefined,
      "selected": undefined,
    }
  }
  accessibilityValue={
    {
      "max": undefined,
      "min": undefined,
      "now": undefined,
      "text": undefined,
    }
  }
  accessible={true}
  collapsable={false}
  focusable={true}
  onBlur={[Function]}
  onClick={[Function]}
  onFocus={[Function]}
  onResponderGrant={[Function]}
  onResponderMove={[Function]}
  onResponderRelease={[Function]}
  onResponderTerminate={[Function]}
  onResponderTerminationRequest={[Function]}
  onStartShouldSetResponder={[Function]}
  onTouchMove={[Function]}
  style={
    {
      "height": "100%",
      "position": "absolute",
      "width": "50%",
    }
  }
  testID="pressableArea"
>
  <View
    animatedStyle={
      {
        "value": {
          "opacity": 0,
          "transform": [
            {
              "translateX": 0,
            },
            {
              "translateY": 0,
            },
            {
              "scale": 0,
            },
          ],
        },
      }
    }
    collapsable={false}
    pointerEvents="none"
    style={
      {
        "backgroundColor": "transparent",
        "borderColor": "rgb(20, 210, 255)",
        "borderRadius": 35,
        "borderWidth": 3,
        "height": 70,
        "opacity": 0,
        "transform": [
          {
            "translateX": 0,
          },
          {
            "translateY": 0,
          },
          {
            "scale": 0,
          },
        ],
        "width": 70,
        "zIndex": 1000,
      }
    }
  />
</View>
`;
