// Jest Snapshot v1, https://goo.gl/fbAQLP

exports[`Area Button - Snapshot mobile control test should render correctly 1`] = `
<View
  collapsable={false}
  style={
    [
      {
        "backgroundColor": "rgb(3, 38, 25)",
      },
      {
        "height": "100%",
        "width": "50%",
      },
      {
        "backgroundColor": "transparent",
      },
    ]
  }
>
  <View
    animatedStyle={
      {
        "value": {
          "left": 0,
          "opacity": 0,
          "top": 0,
          "transform": [
            {
              "scale": 1,
            },
          ],
        },
      }
    }
    collapsable={false}
    style={
      {
        "backgroundColor": "transparent",
        "borderColor": "rgb(20, 210, 255)",
        "borderRadius": 35,
        "borderWidth": 3,
        "height": 70,
        "left": 0,
        "opacity": 0,
        "top": 0,
        "transform": [
          {
            "scale": 1,
          },
        ],
        "width": 70,
        "zIndex": 1000,
      }
    }
  />
</View>
`;
