// Jest Snapshot v1, https://goo.gl/fbAQLP

exports[`Player model - Snapshot test Should renders correctly 1`] = `
<View
  animatedStyle={
    {
      "value": {
        "height": 50,
        "left": 25,
        "top": 50,
        "transform": [
          {
            "rotate": "90deg",
          },
          {
            "scaleY": 1,
          },
          {
            "scale": 1,
          },
        ],
        "width": 100,
      },
    }
  }
  collapsable={false}
  style={
    {
      "backgroundColor": "rgb(20, 255, 170)",
      "borderRadius": 2,
      "height": 50,
      "left": 25,
      "position": "absolute",
      "top": 50,
      "transform": [
        {
          "rotate": "90deg",
        },
        {
          "scaleY": 1,
        },
        {
          "scale": 1,
        },
      ],
      "width": 100,
    }
  }
  testID="playerModel"
/>
`;
