// Jest Snapshot v1, https://goo.gl/fbAQLP

exports[`Loading - Snapshot component test should render correctly 1`] = `
<ViewManagerAdapter_ExpoLinearGradient
  colors={
    [
      4278396441,
      4278394918,
    ]
  }
  style={
    [
      {
        "alignItems": "center",
        "height": "100%",
        "justifyContent": "center",
        "position": "absolute",
        "width": "100%",
      },
      {
        "display": "none",
      },
    ]
  }
>
  <Text
    collapsable={false}
    jestAnimatedStyle={
      {
        "value": {
          "opacity": 1,
        },
      }
    }
    style={
      {
        "color": "rgb(245, 245, 245)",
        "fontFamily": "MajorMonoDisplay",
        "fontSize": 32,
        "opacity": 1,
      }
    }
  >
    Loading
  </Text>
</ViewManagerAdapter_ExpoLinearGradient>
`;
