// Jest Snapshot v1, https://goo.gl/fbAQLP

exports[`Menu Square - Snapshot component test should render correctly 1`] = `
<View
  animatedStyle={
    {
      "value": {
        "backgroundColor": "rgb(8, 94, 63)",
        "borderRadius": 3,
        "height": 259,
        "left": 304,
        "opacity": 0.4,
        "position": "absolute",
        "top": 900,
        "transform": [
          {
            "rotate": "69deg",
          },
          {
            "scale": 1,
          },
        ],
        "width": 30,
      },
    }
  }
  collapsable={false}
  style={
    {
      "backgroundColor": "rgb(8, 94, 63)",
      "borderRadius": 3,
      "height": 259,
      "left": 304,
      "opacity": 0.4,
      "position": "absolute",
      "top": 900,
      "transform": [
        {
          "rotate": "69deg",
        },
        {
          "scale": 1,
        },
      ],
      "width": 30,
    }
  }
/>
`;
