// Jest Snapshot v1, https://goo.gl/fbAQLP

exports[`Menu Square - Snapshot component test should render correctly 1`] = `
<View
  collapsable={false}
  jestAnimatedStyle={
    {
      "value": {
        "backgroundColor": "rgb(8, 94, 63)",
        "borderRadius": 3,
        "height": 217.91575375955455,
        "left": 600,
        "opacity": 0.4,
        "position": "absolute",
        "top": 1068,
        "transform": [
          {
            "rotate": "216deg",
          },
          {
            "scale": 1.0010073205534684,
          },
        ],
        "width": 123.91575375955455,
      },
    }
  }
  style={
    {
      "backgroundColor": "rgb(8, 94, 63)",
      "borderRadius": 3,
      "height": 214,
      "left": 600,
      "opacity": 0.4,
      "position": "absolute",
      "top": 1068,
      "transform": [
        {
          "rotate": "216deg",
        },
        {
          "scale": 1,
        },
      ],
      "width": 120,
    }
  }
/>
`;
